// Jest Snapshot v1, https://goo.gl/fbAQLP

exports[`Rocket List View should render correctly 1`] = `
<div
  className="container"
/>
`;
